d:\course2.2\dm\ui-healthoop\ui-health\x64\debug\vc143.pdb
d:\course2.2\dm\ui-healthoop\ui-health\x64\debug\.netframework,version=v4.7.2.assemblyattributes.obj
d:\course2.2\dm\ui-healthoop\ui-health\x64\debug\usersetup.obj
d:\course2.2\dm\ui-healthoop\ui-health\x64\debug\myform.obj
d:\course2.2\dm\ui-healthoop\ui-health\x64\debug\nutritions.obj
d:\course2.2\dm\ui-healthoop\ui-health\x64\debug\mealscontrol.obj
d:\course2.2\dm\ui-healthoop\ui-health\x64\debug\main.obj
d:\course2.2\dm\ui-healthoop\ui-health\x64\debug\excercisecontrol.obj
d:\course2.2\dm\ui-healthoop\ui-health\x64\debug\dashboardcontrol.obj
d:\course2.2\dm\ui-healthoop\ui-health\x64\debug\dairycontrol.obj
d:\course2.2\dm\ui-healthoop\ui-health\x64\debug\calendar.obj
d:\course2.2\dm\ui-healthoop\ui-health\x64\debug\addrecipemeals.obj
d:\course2.2\dm\ui-healthoop\ui-health\x64\debug\addnewproductmeals.obj
d:\course2.2\dm\ui-healthoop\ui-health\x64\debug\activity.obj
d:\course2.2\dm\ui-healthoop\x64\debug\ui-health.exe
d:\course2.2\dm\ui-healthoop\x64\debug\ui-health.pdb
d:\course2.2\dm\ui-healthoop\ui-health\x64\debug\vc145.pdb
d:\course2.2\dm\ui-healthoop\ui-health\x64\debug\ui-health.tlog\cl.command.1.tlog
d:\course2.2\dm\ui-healthoop\ui-health\x64\debug\ui-health.tlog\cl.items.tlog
d:\course2.2\dm\ui-healthoop\ui-health\x64\debug\ui-health.tlog\cl.read.1.tlog
d:\course2.2\dm\ui-healthoop\ui-health\x64\debug\ui-health.tlog\cl.write.1.tlog
d:\course2.2\dm\ui-healthoop\ui-health\x64\debug\ui-health.tlog\link.command.1.tlog
d:\course2.2\dm\ui-healthoop\ui-health\x64\debug\ui-health.tlog\link.read.1.tlog
d:\course2.2\dm\ui-healthoop\ui-health\x64\debug\ui-health.tlog\link.secondary.1.tlog
d:\course2.2\dm\ui-healthoop\ui-health\x64\debug\ui-health.tlog\link.write.1.tlog
d:\course2.2\dm\ui-healthoop\ui-health\x64\debug\ui-health.tlog\metagen.read.1.tlog
d:\course2.2\dm\ui-healthoop\ui-health\x64\debug\ui-health.tlog\metagen.write.1.tlog
d:\course2.2\dm\ui-healthoop\ui-health\x64\debug\ui-health.tlog\resgen.command.1.tlog
d:\course2.2\dm\ui-healthoop\ui-health\x64\debug\ui-health.tlog\resgen.read.1.tlog
d:\course2.2\dm\ui-healthoop\ui-health\x64\debug\ui-health.tlog\resgen.write.1.tlog
